=== run1 start 2026-09-24T13:31:30Z
20 docs, 933068 chars, tag=run1, urls=['http://localhost:9005', 'http://localhost:9006']
semantic: chunker=SemanticChunker pool=False round=None max_tokens=4080 breakpoint_max_tokens=None max_breakpoint_sentences=3000
  semantic         15848289.pdf     sent= 1081 chunks=  72     4.7s
  semantic         19778917.pdf     sent=  629 chunks=  11     2.0s
  semantic         25769786.pdf     sent=  267 chunks=  21     1.8s
  semantic         26683630.pdf     sent=  999 chunks=   7     3.8s
  semantic         27559761.pdf     sent=  722 chunks=   5     2.4s
  semantic         29091182.pdf     sent=  350 chunks=  19     2.0s
  semantic         33877914.pdf     sent=  555 chunks=   6     2.3s
  semantic         37906281.pdf     sent=  368 chunks=  29     2.0s
  semantic         40391708.pdf     sent=  594 chunks=  29     3.0s
  semantic         7590165.pdf      sent=  203 chunks=   7     1.1s
  semantic         PMC11057200.2.pdf sent= 1089 chunks=  26     3.8s
  semantic         PMC155865.pdf    sent=  123 chunks=   1     0.6s
  semantic         PMC2443889.pdf   sent= 1347 chunks=   5     3.3s
  semantic         PMC2650546.pdf   sent=  868 chunks=  11     3.1s
  semantic         PMC3035553.1.pdf sent=  144 chunks=   5     1.0s
  semantic         PMC4244539.1.pdf sent= 1864 chunks=  35     6.0s
  semantic         PMC4371985.pdf   sent=  504 chunks=  27     2.3s
  semantic         PMC5020279.pdf   sent=  280 chunks=  14     1.4s
  semantic         PMC6881056.1.pdf sent=  580 chunks=  17     2.6s
  semantic         PMC7762970.1.pdf sent=  727 chunks=  28     2.9s
semantic: texts=13294 tokens=2413763 chunks=375 embed=39.8s wall=52.1s
semantic_pooled: chunker=SemanticChunker pool=True round=6 max_tokens=4080 breakpoint_max_tokens=None max_breakpoint_sentences=3000
  semantic_pooled  15848289.pdf     sent= 1081 chunks=  53     4.1s
  semantic_pooled  19778917.pdf     sent=  629 chunks=  14     2.3s
  semantic_pooled  25769786.pdf     sent=  267 chunks=  16     1.3s
  semantic_pooled  26683630.pdf     sent=  999 chunks=  14     3.8s
  semantic_pooled  27559761.pdf     sent=  722 chunks=   9     2.8s
  semantic_pooled  29091182.pdf     sent=  350 chunks=  19     1.5s
  semantic_pooled  33877914.pdf     sent=  555 chunks=   8     2.1s
  semantic_pooled  37906281.pdf     sent=  368 chunks=  28     1.4s
  semantic_pooled  40391708.pdf     sent=  594 chunks=  31     2.3s
  semantic_pooled  7590165.pdf      sent=  203 chunks=   8     0.9s
  semantic_pooled  PMC11057200.2.pdf sent= 1089 chunks=  27     4.0s
  semantic_pooled  PMC155865.pdf    sent=  123 chunks=   1     0.5s
  semantic_pooled  PMC2443889.pdf   sent= 1347 chunks=  17     4.8s
  semantic_pooled  PMC2650546.pdf   sent=  868 chunks=  16     3.2s
  semantic_pooled  PMC3035553.1.pdf sent=  144 chunks=   9     0.6s
  semantic_pooled  PMC4244539.1.pdf sent= 1864 chunks=  42     6.5s
  semantic_pooled  PMC4371985.pdf   sent=  504 chunks=  24     2.0s
  semantic_pooled  PMC5020279.pdf   sent=  280 chunks=  23     1.2s
  semantic_pooled  PMC6881056.1.pdf sent=  580 chunks=  31     2.2s
  semantic_pooled  PMC7762970.1.pdf sent=  727 chunks=  28     2.6s
semantic_pooled: texts=13294 tokens=356146 chunks=418 embed=14.8s wall=50.1s
wrote <scratch>/offline/summary-run1.json
=== run1 end 2026-09-24T13:33:18Z rc=0
=== run2 start 2026-09-24T13:33:18Z
20 docs, 933068 chars, tag=run2, urls=['http://localhost:9005', 'http://localhost:9006']
semantic: chunker=SemanticChunker pool=False round=None max_tokens=4080 breakpoint_max_tokens=None max_breakpoint_sentences=3000
  semantic         15848289.pdf     sent= 1081 chunks=  72     4.2s
  semantic         19778917.pdf     sent=  629 chunks=  11     1.8s
  semantic         25769786.pdf     sent=  267 chunks=  21     1.6s
  semantic         26683630.pdf     sent=  999 chunks=   7     3.5s
  semantic         27559761.pdf     sent=  722 chunks=   5     2.4s
  semantic         29091182.pdf     sent=  350 chunks=  19     1.8s
  semantic         33877914.pdf     sent=  555 chunks=   6     2.1s
  semantic         37906281.pdf     sent=  368 chunks=  29     1.8s
  semantic         40391708.pdf     sent=  594 chunks=  29     2.8s
  semantic         7590165.pdf      sent=  203 chunks=   7     1.2s
  semantic         PMC11057200.2.pdf sent= 1089 chunks=  26     3.7s
  semantic         PMC155865.pdf    sent=  123 chunks=   1     0.6s
  semantic         PMC2443889.pdf   sent= 1347 chunks=   5     3.1s
  semantic         PMC2650546.pdf   sent=  868 chunks=  11     2.7s
  semantic         PMC3035553.1.pdf sent=  144 chunks=   5     1.0s
  semantic         PMC4244539.1.pdf sent= 1864 chunks=  35     5.8s
  semantic         PMC4371985.pdf   sent=  504 chunks=  27     2.3s
  semantic         PMC5020279.pdf   sent=  280 chunks=  14     1.5s
  semantic         PMC6881056.1.pdf sent=  580 chunks=  17     2.8s
  semantic         PMC7762970.1.pdf sent=  727 chunks=  28     2.9s
semantic: texts=13294 tokens=2413763 chunks=375 embed=37.6s wall=49.7s
semantic_pooled: chunker=SemanticChunker pool=True round=6 max_tokens=4080 breakpoint_max_tokens=None max_breakpoint_sentences=3000
  semantic_pooled  15848289.pdf     sent= 1081 chunks=  53     4.0s
  semantic_pooled  19778917.pdf     sent=  629 chunks=  14     2.2s
  semantic_pooled  25769786.pdf     sent=  267 chunks=  16     1.2s
  semantic_pooled  26683630.pdf     sent=  999 chunks=  14     3.6s
  semantic_pooled  27559761.pdf     sent=  722 chunks=   9     2.6s
  semantic_pooled  29091182.pdf     sent=  350 chunks=  19     1.3s
  semantic_pooled  33877914.pdf     sent=  555 chunks=   8     2.0s
  semantic_pooled  37906281.pdf     sent=  368 chunks=  28     1.4s
  semantic_pooled  40391708.pdf     sent=  594 chunks=  31     2.1s
  semantic_pooled  7590165.pdf      sent=  203 chunks=   8     0.8s
  semantic_pooled  PMC11057200.2.pdf sent= 1089 chunks=  27     3.8s
  semantic_pooled  PMC155865.pdf    sent=  123 chunks=   1     0.5s
  semantic_pooled  PMC2443889.pdf   sent= 1347 chunks=  17     4.4s
  semantic_pooled  PMC2650546.pdf   sent=  868 chunks=  16     3.1s
  semantic_pooled  PMC3035553.1.pdf sent=  144 chunks=   9     0.6s
  semantic_pooled  PMC4244539.1.pdf sent= 1864 chunks=  42     6.3s
  semantic_pooled  PMC4371985.pdf   sent=  504 chunks=  24     1.9s
  semantic_pooled  PMC5020279.pdf   sent=  280 chunks=  23     1.1s
  semantic_pooled  PMC6881056.1.pdf sent=  580 chunks=  31     2.1s
  semantic_pooled  PMC7762970.1.pdf sent=  727 chunks=  28     2.5s
semantic_pooled: texts=13294 tokens=356146 chunks=418 embed=14.7s wall=47.5s
wrote <scratch>/offline/summary-run2.json
=== run2 end 2026-09-24T13:35:02Z rc=0
=== ALL DONE
